// Jest Snapshot v1, https://goo.gl/fbAQLP

exports[`Code-first - Federation should return query result 1`] = `
{
  "_service": {
    "sdl": "schema
  @link(url: "https://specs.apollo.dev/link/v1.0")
{
  query: Query
}

extend schema
  @link(url: "https://specs.apollo.dev/federation/v2.3", import: ["@composeDirective", "@extends", "@external", "@inaccessible", "@interfaceObject", "@key", "@override", "@provides", "@requires", "@shareable"])

directive @link(url: String, as: String, for: link__Purpose, import: [link__Import]) repeatable on SCHEMA

directive @key(fields: federation__FieldSet!, resolvable: Boolean = true) repeatable on OBJECT | INTERFACE

directive @requires(fields: federation__FieldSet!) on FIELD_DEFINITION

directive @provides(fields: federation__FieldSet!) on FIELD_DEFINITION

directive @external(reason: String) on OBJECT | FIELD_DEFINITION

directive @federation__tag(name: String!) repeatable on FIELD_DEFINITION | OBJECT | INTERFACE | UNION | ARGUMENT_DEFINITION | SCALAR | ENUM | ENUM_VALUE | INPUT_OBJECT | INPUT_FIELD_DEFINITION | SCHEMA

directive @extends on OBJECT | INTERFACE

directive @shareable repeatable on OBJECT | FIELD_DEFINITION

directive @inaccessible on FIELD_DEFINITION | OBJECT | INTERFACE | UNION | ARGUMENT_DEFINITION | SCALAR | ENUM | ENUM_VALUE | INPUT_OBJECT | INPUT_FIELD_DEFINITION

directive @override(from: String!) on FIELD_DEFINITION

directive @composeDirective(name: String) repeatable on SCHEMA

directive @interfaceObject on OBJECT

interface IRecipe {
  id: ID!
  title: String!
  externalField: String!
}

type Post
  @key(fields: "id")
{
  id: ID!
  title: String!
  authorId: Int!
}

type User
  @extends
  @key(fields: "id")
{
  id: ID! @external
  posts: [Post!]!
}

type Recipe implements IRecipe {
  id: ID!
  title: String!
  externalField: String!
  description: String!
}

type Query {
  findPost(id: Float!): Post!
  getPosts: [Post!]!
  search: [FederationSearchResultUnion!]! @deprecated(reason: "test")
  recipe: IRecipe!
  _entities(representations: [_Any!]!): [_Entity]!
  _service: _Service!
}

"""Search result description"""
union FederationSearchResultUnion = Post | User

enum link__Purpose {
  """
  \`SECURITY\` features provide metadata necessary to securely resolve fields.
  """
  SECURITY

  """
  \`EXECUTION\` features provide metadata necessary for operation execution.
  """
  EXECUTION
}

scalar link__Import

scalar federation__FieldSet

scalar _Any

type _Service {
  sdl: String
}

union _Entity = Post | User",
  },
}
`;
